ApsimVersion = 7.10 r32c72e495ed39966b5eaf17f9fbca83a93144f5b
format = csv
Title = Sorghum_Gatton_Tiller_x_Density_2
Main(1),Main(2),Main(3),Main(4),Main(5),Main(6),Main(7),Main(8),Main(9),Main(10),Main(11),Main(12),Main(13),Main(14),Main(15),Main(16),Main(17),Main(18),T1(1),T1(2),T1(3),T1(4),T1(5),T1(6),T1(7),T1(8),T1(9),T1(10),T1(11),T1(12),T1(13),T1(14),T1(15),T1(16),T1(17),T2(1),T2(2),T2(3),T2(4),T2(5),T2(6),T2(7),T2(8),T2(9),T2(10),T2(11),T2(12),T2(13),T2(14),T2(15),T2(16),T3(1),T3(2),T3(3),T3(4),T3(5),T3(6),T3(7),T3(8),T3(9),T3(10),T3(11),T3(12),T3(13),T3(14),T3(15),T4(1),T4(2),T4(3),T4(4),T4(5),T4(6),T4(7),T4(8),T4(9),T4(10),T4(11),T4(12),T4(13),T4(14),T5(1),T5(2),T5(3),T5(4),T5(5),T5(6),T5(7),T5(8),T5(9),T5(10),T5(11),T5(12),T5(13)
(mm2),(mm2),(mm2),(mm2),(mm2),(mm2),(mm2),(mm2),(mm2),(mm2),(mm2),(mm2),(mm2),(mm2),(mm2),(mm2),(mm2),(mm2),(mm2),(mm2),(mm2),(mm2),(mm2),(mm2),(mm2),(mm2),(mm2),(mm2),(mm2),(mm2),(mm2),(mm2),(mm2),(mm2),(mm2),(mm2),(mm2),(mm2),(mm2),(mm2),(mm2),(mm2),(mm2),(mm2),(mm2),(mm2),(mm2),(mm2),(mm2),(mm2),(mm2),(mm2),(mm2),(mm2),(mm2),(mm2),(mm2),(mm2),(mm2),(mm2),(mm2),(mm2),(mm2),(mm2),(mm2),(mm2),(mm2),(mm2),(mm2),(mm2),(mm2),(mm2),(mm2),(mm2),(mm2),(mm2),(mm2),(mm2),(mm2),(mm2),(mm2),(mm2),(mm2),(mm2),(mm2),(mm2),(mm2),(mm2),(mm2),(mm2),(mm2),(mm2),(mm2)
1378.270630,1984.527710,2909.251953,4305.927734,6380.768555,9387.711914,13598.366211,19231.517578,26332.976562,34618.285156,43330.132812,51205.082031,56654.488281,58198.718750,55044.015625,47531.773438,37161.636719,26085.683594,1853.578979,2727.421875,4066.127441,6075.784180,9001.639648,13081.094727,18444.841797,24964.296875,32083.564453,38732.000000,43449.675781,44806.156250,42017.339844,35445.769531,26610.341797,17587.005859,10122.645508,2461.611084,3674.182129,5570.500977,8459.022461,12686.398438,18528.861328,25986.707031,34510.070312,42789.035156,48843.988281,50615.281250,46950.914062,38441.320312,27393.292969,16752.587891,8669.842773,2827.466064,4327.757812,6738.024414,10474.662109,15959.492188,23393.947266,32383.746094,41555.027344,48520.667969,50602.324219,46268.816406,36409.468750,24203.718750,13342.137695,5986.570312,3204.041748,5083.503906,8206.825195,13143.813477,20360.527344,29741.662109,39942.687500,48083.089844,50584.523438,45341.968750,33761.964844,20360.427734,9695.385742,3554.262939,2546.944580,4223.742676,7130.722656,11814.386719,18518.839844,26474.312500,33275.710938,35449.089844,30856.121094,21155.312500,11013.436523,4196.960938,1128.597534
